// Jest Snapshot v1, https://goo.gl/fbAQLP

exports[`mapping configurations to domain objects should match snapshot 1`] = `
{
  "modules": {
    "TestModule": {
      "exposes": {
        "./Bar": "./src/Entry2",
        "./Foo": "./src/Entry1",
      },
      "filename": "remoteEntry.js",
      "library": {
        "name": "some shared lib",
        "type": "umd",
      },
      "name": "TestModule",
      "remoteType": "amd",
      "remotes": {
        "./Remote1": {
          "external": "external module",
          "shareScope": "@shared",
        },
      },
      "runtime": "runtimeChunk",
      "shareScope": "@sharedscope",
      "shared": {
        "package1": {
          "requiredVersion": "0.1.0",
          "singleton": true,
        },
        "package2": {
          "requiredVersion": "1.1.0",
          "singleton": true,
        },
      },
    },
  },
  "remotes": {
    "BizModule/Biz": {
      "id": "BizModule/Biz",
      "metadata": {
        "displayGroup": "auxiliary",
        "displayName": "Biz App",
        "icon": "ViewList",
        "order": 30,
        "route": "/biz",
      },
      "module": "./Biz",
      "scope": "BizModule",
      "shareScope": "@sharedscope",
      "url": "http://localhost:4040/remoteEntry.js",
    },
    "TestModule/Bar": {
      "id": "TestModule/Bar",
      "metadata": {
        "displayGroup": "main",
        "displayName": "Bar App",
        "icon": "ViewList",
        "order": 20,
        "route": "/bar",
      },
      "module": "./Bar",
      "scope": "TestModule",
      "shareScope": "@sharedscope",
      "url": "http://remote-endpoint.com/remoteEntry.js",
    },
    "TestModule/Foo": {
      "id": "TestModule/Foo",
      "metadata": {
        "displayGroup": "main",
        "displayName": "Foo App",
        "icon": "ViewList",
        "order": 10,
        "route": "/foo",
      },
      "module": "./Foo",
      "scope": "TestModule",
      "shareScope": "@sharedscope",
      "url": "http://remote-endpoint.com",
    },
  },
}
`;
