// Jest Snapshot v1, https://goo.gl/fbAQLP

exports[`ErrorMessage should match snapshot 1`] = `
{
  "asFragment": [Function],
  "baseElement": <body>
    <div>
      <div
        style="display: flex; align-items: center; justify-content: center; flex-grow: 1; height: 100vh; background-color: rgb(0, 0, 0);"
      >
        <span
          style="display: inherit; position: relative;"
        >
          <span
            style="position: absolute; font-size: 8px; width: 24px; height: 24px; background: orangered; border-radius: 50%; animation: react-spinners-PropagateLoader-propogate-0 1s infinite; animation-fill-mode: forwards;"
          />
          <span
            style="position: absolute; font-size: 8px; width: 24px; height: 24px; background: orangered; border-radius: 50%; animation: react-spinners-PropagateLoader-propogate-1 1s infinite; animation-fill-mode: forwards;"
          />
          <span
            style="position: absolute; font-size: 8px; width: 24px; height: 24px; background: orangered; border-radius: 50%; animation: react-spinners-PropagateLoader-propogate-2 1s infinite; animation-fill-mode: forwards;"
          />
          <span
            style="position: absolute; font-size: 8px; width: 24px; height: 24px; background: orangered; border-radius: 50%; animation: react-spinners-PropagateLoader-propogate-3 1s infinite; animation-fill-mode: forwards;"
          />
          <span
            style="position: absolute; font-size: 8px; width: 24px; height: 24px; background: orangered; border-radius: 50%; animation: react-spinners-PropagateLoader-propogate-4 1s infinite; animation-fill-mode: forwards;"
          />
          <span
            style="position: absolute; font-size: 8px; width: 24px; height: 24px; background: orangered; border-radius: 50%; animation: react-spinners-PropagateLoader-propogate-5 1s infinite; animation-fill-mode: forwards;"
          />
        </span>
      </div>
    </div>
  </body>,
  "container": <div>
    <div
      style="display: flex; align-items: center; justify-content: center; flex-grow: 1; height: 100vh; background-color: rgb(0, 0, 0);"
    >
      <span
        style="display: inherit; position: relative;"
      >
        <span
          style="position: absolute; font-size: 8px; width: 24px; height: 24px; background: orangered; border-radius: 50%; animation: react-spinners-PropagateLoader-propogate-0 1s infinite; animation-fill-mode: forwards;"
        />
        <span
          style="position: absolute; font-size: 8px; width: 24px; height: 24px; background: orangered; border-radius: 50%; animation: react-spinners-PropagateLoader-propogate-1 1s infinite; animation-fill-mode: forwards;"
        />
        <span
          style="position: absolute; font-size: 8px; width: 24px; height: 24px; background: orangered; border-radius: 50%; animation: react-spinners-PropagateLoader-propogate-2 1s infinite; animation-fill-mode: forwards;"
        />
        <span
          style="position: absolute; font-size: 8px; width: 24px; height: 24px; background: orangered; border-radius: 50%; animation: react-spinners-PropagateLoader-propogate-3 1s infinite; animation-fill-mode: forwards;"
        />
        <span
          style="position: absolute; font-size: 8px; width: 24px; height: 24px; background: orangered; border-radius: 50%; animation: react-spinners-PropagateLoader-propogate-4 1s infinite; animation-fill-mode: forwards;"
        />
        <span
          style="position: absolute; font-size: 8px; width: 24px; height: 24px; background: orangered; border-radius: 50%; animation: react-spinners-PropagateLoader-propogate-5 1s infinite; animation-fill-mode: forwards;"
        />
      </span>
    </div>
  </div>,
  "debug": [Function],
  "findAllByAltText": [Function],
  "findAllByDisplayValue": [Function],
  "findAllByLabelText": [Function],
  "findAllByPlaceholderText": [Function],
  "findAllByRole": [Function],
  "findAllByTestId": [Function],
  "findAllByText": [Function],
  "findAllByTitle": [Function],
  "findByAltText": [Function],
  "findByDisplayValue": [Function],
  "findByLabelText": [Function],
  "findByPlaceholderText": [Function],
  "findByRole": [Function],
  "findByTestId": [Function],
  "findByText": [Function],
  "findByTitle": [Function],
  "getAllByAltText": [Function],
  "getAllByDisplayValue": [Function],
  "getAllByLabelText": [Function],
  "getAllByPlaceholderText": [Function],
  "getAllByRole": [Function],
  "getAllByTestId": [Function],
  "getAllByText": [Function],
  "getAllByTitle": [Function],
  "getByAltText": [Function],
  "getByDisplayValue": [Function],
  "getByLabelText": [Function],
  "getByPlaceholderText": [Function],
  "getByRole": [Function],
  "getByTestId": [Function],
  "getByText": [Function],
  "getByTitle": [Function],
  "queryAllByAltText": [Function],
  "queryAllByDisplayValue": [Function],
  "queryAllByLabelText": [Function],
  "queryAllByPlaceholderText": [Function],
  "queryAllByRole": [Function],
  "queryAllByTestId": [Function],
  "queryAllByText": [Function],
  "queryAllByTitle": [Function],
  "queryByAltText": [Function],
  "queryByDisplayValue": [Function],
  "queryByLabelText": [Function],
  "queryByPlaceholderText": [Function],
  "queryByRole": [Function],
  "queryByTestId": [Function],
  "queryByText": [Function],
  "queryByTitle": [Function],
  "rerender": [Function],
  "unmount": [Function],
}
`;
