// Jest Snapshot v1, https://goo.gl/fbAQLP

exports[`RenderHost should match snapshot 1`] = `
<div>
  <div>
    test component
  </div>
</div>
`;

exports[`RenderHost should render empty when config is pending 1`] = `<div />`;
